[2026-10-06 15:08:55,530] DESKTOP-1U99EVP/INFO/locust.main: Starting Locust 2.46.7
[2026-10-06 15:08:55,534] DESKTOP-1U99EVP/INFO/locust.main: Run time limit set to 60 seconds
Type     Name                                                                          # reqs      # fails |    Avg     Min     Max    Med |   req/s  failures/s
--------|----------------------------------------------------------------------------|-------|-------------|-------|-------|-------|-------|--------|-----------
--------|----------------------------------------------------------------------------|-------|-------------|-------|-------|-------|-------|--------|-----------
         Aggregated                                                                         0     0(0.00%) |      0       0       0      0 |    0.00        0.00

[2026-10-06 15:08:55,536] DESKTOP-1U99EVP/INFO/locust.runners: Ramping to 50 users at a rate of 25.00 per second
[2026-10-06 15:08:56,551] DESKTOP-1U99EVP/INFO/locust.runners: All users spawned: {"LlamaServerUser": 50} (50 total users)
Type     Name                                                                          # reqs      # fails |    Avg     Min     Max    Med |   req/s  failures/s
--------|----------------------------------------------------------------------------|-------|-------------|-------|-------|-------|-------|--------|-----------
--------|----------------------------------------------------------------------------|-------|-------------|-------|-------|-------|-------|--------|-----------
         Aggregated                                                                         0     0(0.00%) |      0       0       0      0 |    0.00        0.00

Type     Name                                                                          # reqs      # fails |    Avg     Min     Max    Med |   req/s  failures/s
--------|----------------------------------------------------------------------------|-------|-------------|-------|-------|-------|-------|--------|-----------
--------|----------------------------------------------------------------------------|-------|-------------|-------|-------|-------|-------|--------|-----------
         Aggregated                                                                         0     0(0.00%) |      0       0       0      0 |    0.00        0.00

Type     Name                                                                          # reqs      # fails |    Avg     Min     Max    Med |   req/s  failures/s
--------|----------------------------------------------------------------------------|-------|-------------|-------|-------|-------|-------|--------|-----------
--------|----------------------------------------------------------------------------|-------|-------------|-------|-------|-------|-------|--------|-----------
         Aggregated                                                                         0     0(0.00%) |      0       0       0      0 |    0.00        0.00

Type     Name                                                                          # reqs      # fails |    Avg     Min     Max    Med |   req/s  failures/s
--------|----------------------------------------------------------------------------|-------|-------------|-------|-------|-------|-------|--------|-----------
--------|----------------------------------------------------------------------------|-------|-------------|-------|-------|-------|-------|--------|-----------
         Aggregated                                                                         0     0(0.00%) |      0       0       0      0 |    0.00        0.00

Type     Name                                                                          # reqs      # fails |    Avg     Min     Max    Med |   req/s  failures/s
--------|----------------------------------------------------------------------------|-------|-------------|-------|-------|-------|-------|--------|-----------
--------|----------------------------------------------------------------------------|-------|-------------|-------|-------|-------|-------|--------|-----------
         Aggregated                                                                         0     0(0.00%) |      0       0       0      0 |    0.00        0.00

Type     Name                                                                          # reqs      # fails |    Avg     Min     Max    Med |   req/s  failures/s
--------|----------------------------------------------------------------------------|-------|-------------|-------|-------|-------|-------|--------|-----------
POST     short                                                                              3     0(0.00%) |  10221   10216   10225  10216 |    0.00        0.00
--------|----------------------------------------------------------------------------|-------|-------------|-------|-------|-------|-------|--------|-----------
         Aggregated                                                                         3     0(0.00%) |  10221   10216   10225  10216 |    0.00        0.00

Type     Name                                                                          # reqs      # fails |    Avg     Min     Max    Med |   req/s  failures/s
--------|----------------------------------------------------------------------------|-------|-------------|-------|-------|-------|-------|--------|-----------
POST     short                                                                              3     0(0.00%) |  10221   10216   10225  10216 |    0.00        0.00
--------|----------------------------------------------------------------------------|-------|-------------|-------|-------|-------|-------|--------|-----------
         Aggregated                                                                         3     0(0.00%) |  10221   10216   10225  10216 |    0.00        0.00

Type     Name                                                                          # reqs      # fails |    Avg     Min     Max    Med |   req/s  failures/s
--------|----------------------------------------------------------------------------|-------|-------------|-------|-------|-------|-------|--------|-----------
POST     short                                                                              3     0(0.00%) |  10221   10216   10225  10216 |    0.00        0.00
--------|----------------------------------------------------------------------------|-------|-------------|-------|-------|-------|-------|--------|-----------
         Aggregated                                                                         3     0(0.00%) |  10221   10216   10225  10216 |    0.00        0.00

Type     Name                                                                          # reqs      # fails |    Avg     Min     Max    Med |   req/s  failures/s
--------|----------------------------------------------------------------------------|-------|-------------|-------|-------|-------|-------|--------|-----------
POST     long-rag                                                                           1     0(0.00%) |  17713   17713   17713  17713 |    0.00        0.00
POST     short                                                                              4     0(0.00%) |  11878   10216   16849  10216 |    0.30        0.00
--------|----------------------------------------------------------------------------|-------|-------------|-------|-------|-------|-------|--------|-----------
         Aggregated                                                                         5     0(0.00%) |  13045   10216   17713  10216 |    0.30        0.00

Type     Name                                                                          # reqs      # fails |    Avg     Min     Max    Med |   req/s  failures/s
--------|----------------------------------------------------------------------------|-------|-------------|-------|-------|-------|-------|--------|-----------
POST     long-rag                                                                           1     0(0.00%) |  17713   17713   17713  17713 |    0.00        0.00
POST     short                                                                              4     0(0.00%) |  11878   10216   16849  10216 |    0.30        0.00
--------|----------------------------------------------------------------------------|-------|-------------|-------|-------|-------|-------|--------|-----------
         Aggregated                                                                         5     0(0.00%) |  13045   10216   17713  10216 |    0.30        0.00

Type     Name                                                                          # reqs      # fails |    Avg     Min     Max    Med |   req/s  failures/s
--------|----------------------------------------------------------------------------|-------|-------------|-------|-------|-------|-------|--------|-----------
POST     long-rag                                                                           1     0(0.00%) |  17713   17713   17713  17713 |    0.00        0.00
POST     short                                                                              4     0(0.00%) |  11878   10216   16849  10216 |    0.30        0.00
--------|----------------------------------------------------------------------------|-------|-------------|-------|-------|-------|-------|--------|-----------
         Aggregated                                                                         5     0(0.00%) |  13045   10216   17713  10216 |    0.30        0.00

Type     Name                                                                          # reqs      # fails |    Avg     Min     Max    Med |   req/s  failures/s
--------|----------------------------------------------------------------------------|-------|-------------|-------|-------|-------|-------|--------|-----------
POST     long-rag                                                                           1     0(0.00%) |  17713   17713   17713  17713 |    0.00        0.00
POST     short                                                                              4     0(0.00%) |  11878   10216   16849  10216 |    0.30        0.00
--------|----------------------------------------------------------------------------|-------|-------------|-------|-------|-------|-------|--------|-----------
         Aggregated                                                                         5     0(0.00%) |  13045   10216   17713  10216 |    0.30        0.00

Type     Name                                                                          # reqs      # fails |    Avg     Min     Max    Med |   req/s  failures/s
--------|----------------------------------------------------------------------------|-------|-------------|-------|-------|-------|-------|--------|-----------
POST     long-rag                                                                           3     0(0.00%) |  23115   17713   25822  25822 |    0.10        0.00
POST     short                                                                              4     0(0.00%) |  11878   10216   16849  10216 |    0.10        0.00
--------|----------------------------------------------------------------------------|-------|-------------|-------|-------|-------|-------|--------|-----------
         Aggregated                                                                         7     0(0.00%) |  16694   10216   25822  17000 |    0.20        0.00

Type     Name                                                                          # reqs      # fails |    Avg     Min     Max    Med |   req/s  failures/s
--------|----------------------------------------------------------------------------|-------|-------------|-------|-------|-------|-------|--------|-----------
POST     long-rag                                                                           3     0(0.00%) |  23115   17713   25822  25822 |    0.10        0.00
POST     short                                                                              5     0(0.00%) |  14744   10216   26208  10216 |    0.10        0.00
--------|----------------------------------------------------------------------------|-------|-------------|-------|-------|-------|-------|--------|-----------
         Aggregated                                                                         8     0(0.00%) |  17883   10216   26208  18000 |    0.20        0.00

Type     Name                                                                          # reqs      # fails |    Avg     Min     Max    Med |   req/s  failures/s
--------|----------------------------------------------------------------------------|-------|-------------|-------|-------|-------|-------|--------|-----------
POST     long-rag                                                                           3     0(0.00%) |  23115   17713   25822  25822 |    0.10        0.00
POST     short                                                                              5     0(0.00%) |  14744   10216   26208  10216 |    0.10        0.00
--------|----------------------------------------------------------------------------|-------|-------------|-------|-------|-------|-------|--------|-----------
         Aggregated                                                                         8     0(0.00%) |  17883   10216   26208  18000 |    0.20        0.00

Type     Name                                                                          # reqs      # fails |    Avg     Min     Max    Med |   req/s  failures/s
--------|----------------------------------------------------------------------------|-------|-------------|-------|-------|-------|-------|--------|-----------
POST     long-rag                                                                           3     0(0.00%) |  23115   17713   25822  25822 |    0.10        0.00
POST     short                                                                              5     0(0.00%) |  14744   10216   26208  10216 |    0.10        0.00
--------|----------------------------------------------------------------------------|-------|-------------|-------|-------|-------|-------|--------|-----------
         Aggregated                                                                         8     0(0.00%) |  17883   10216   26208  18000 |    0.20        0.00

Type     Name                                                                          # reqs      # fails |    Avg     Min     Max    Med |   req/s  failures/s
--------|----------------------------------------------------------------------------|-------|-------------|-------|-------|-------|-------|--------|-----------
POST     long-rag                                                                           3     0(0.00%) |  23115   17713   25822  25822 |    0.10        0.00
POST     short                                                                              5     0(0.00%) |  14744   10216   26208  10216 |    0.10        0.00
--------|----------------------------------------------------------------------------|-------|-------------|-------|-------|-------|-------|--------|-----------
         Aggregated                                                                         8     0(0.00%) |  17883   10216   26208  18000 |    0.20        0.00

Type     Name                                                                          # reqs      # fails |    Avg     Min     Max    Med |   req/s  failures/s
--------|----------------------------------------------------------------------------|-------|-------------|-------|-------|-------|-------|--------|-----------
POST     long-rag                                                                           4     0(0.00%) |  25965   17713   34515  26000 |    0.20        0.00
POST     short                                                                              8     0(0.00%) |  22074   10216   34512  26000 |    0.10        0.00
--------|----------------------------------------------------------------------------|-------|-------------|-------|-------|-------|-------|--------|-----------
         Aggregated                                                                        12     0(0.00%) |  23371   10216   34515  26000 |    0.30        0.00

Type     Name                                                                          # reqs      # fails |    Avg     Min     Max    Med |   req/s  failures/s
--------|----------------------------------------------------------------------------|-------|-------------|-------|-------|-------|-------|--------|-----------
POST     long-rag                                                                           4     0(0.00%) |  25965   17713   34515  26000 |    0.20        0.00
POST     short                                                                              8     0(0.00%) |  22074   10216   34512  26000 |    0.10        0.00
--------|----------------------------------------------------------------------------|-------|-------------|-------|-------|-------|-------|--------|-----------
         Aggregated                                                                        12     0(0.00%) |  23371   10216   34515  26000 |    0.30        0.00

Type     Name                                                                          # reqs      # fails |    Avg     Min     Max    Med |   req/s  failures/s
--------|----------------------------------------------------------------------------|-------|-------------|-------|-------|-------|-------|--------|-----------
POST     long-rag                                                                           4     0(0.00%) |  25965   17713   34515  26000 |    0.20        0.00
POST     short                                                                              8     0(0.00%) |  22074   10216   34512  26000 |    0.10        0.00
--------|----------------------------------------------------------------------------|-------|-------------|-------|-------|-------|-------|--------|-----------
         Aggregated                                                                        12     0(0.00%) |  23371   10216   34515  26000 |    0.30        0.00

Type     Name                                                                          # reqs      # fails |    Avg     Min     Max    Med |   req/s  failures/s
--------|----------------------------------------------------------------------------|-------|-------------|-------|-------|-------|-------|--------|-----------
POST     long-rag                                                                           4     0(0.00%) |  25965   17713   34515  26000 |    0.10        0.00
POST     short                                                                              9     0(0.00%) |  24300   10216   42111  26000 |    0.30        0.00
--------|----------------------------------------------------------------------------|-------|-------------|-------|-------|-------|-------|--------|-----------
         Aggregated                                                                        13     0(0.00%) |  24813   10216   42111  26000 |    0.40        0.00

Type     Name                                                                          # reqs      # fails |    Avg     Min     Max    Med |   req/s  failures/s
--------|----------------------------------------------------------------------------|-------|-------------|-------|-------|-------|-------|--------|-----------
POST     long-rag                                                                           4     0(0.00%) |  25965   17713   34515  26000 |    0.10        0.00
POST     short                                                                             11     0(0.00%) |  27816   10216   43637  34000 |    0.30        0.00
--------|----------------------------------------------------------------------------|-------|-------------|-------|-------|-------|-------|--------|-----------
         Aggregated                                                                        15     0(0.00%) |  27322   10216   43637  26000 |    0.40        0.00

Type     Name                                                                          # reqs      # fails |    Avg     Min     Max    Med |   req/s  failures/s
--------|----------------------------------------------------------------------------|-------|-------------|-------|-------|-------|-------|--------|-----------
POST     long-rag                                                                           4     0(0.00%) |  25965   17713   34515  26000 |    0.10        0.00
POST     short                                                                             11     0(0.00%) |  27816   10216   43637  34000 |    0.30        0.00
--------|----------------------------------------------------------------------------|-------|-------------|-------|-------|-------|-------|--------|-----------
         Aggregated                                                                        15     0(0.00%) |  27322   10216   43637  26000 |    0.40        0.00

Type     Name                                                                          # reqs      # fails |    Avg     Min     Max    Med |   req/s  failures/s
--------|----------------------------------------------------------------------------|-------|-------------|-------|-------|-------|-------|--------|-----------
POST     long-rag                                                                           4     0(0.00%) |  25965   17713   34515  26000 |    0.10        0.00
POST     short                                                                             11     0(0.00%) |  27816   10216   43637  34000 |    0.30        0.00
--------|----------------------------------------------------------------------------|-------|-------------|-------|-------|-------|-------|--------|-----------
         Aggregated                                                                        15     0(0.00%) |  27322   10216   43637  26000 |    0.40        0.00

Type     Name                                                                          # reqs      # fails |    Avg     Min     Max    Med |   req/s  failures/s
--------|----------------------------------------------------------------------------|-------|-------------|-------|-------|-------|-------|--------|-----------
POST     long-rag                                                                           4     0(0.00%) |  25965   17713   34515  26000 |    0.10        0.00
POST     short                                                                             11     0(0.00%) |  27816   10216   43637  34000 |    0.30        0.00
--------|----------------------------------------------------------------------------|-------|-------------|-------|-------|-------|-------|--------|-----------
         Aggregated                                                                        15     0(0.00%) |  27322   10216   43637  26000 |    0.40        0.00

Type     Name                                                                          # reqs      # fails |    Avg     Min     Max    Med |   req/s  failures/s
--------|----------------------------------------------------------------------------|-------|-------------|-------|-------|-------|-------|--------|-----------
POST     long-rag                                                                           4     0(0.00%) |  25965   17713   34515  26000 |    0.00        0.00
POST     short                                                                             13     0(0.00%) |  31453   10216   52235  34000 |    0.30        0.00
--------|----------------------------------------------------------------------------|-------|-------------|-------|-------|-------|-------|--------|-----------
         Aggregated                                                                        17     0(0.00%) |  30161   10216   52235  34000 |    0.30        0.00

Type     Name                                                                          # reqs      # fails |    Avg     Min     Max    Med |   req/s  failures/s
--------|----------------------------------------------------------------------------|-------|-------------|-------|-------|-------|-------|--------|-----------
POST     long-rag                                                                           5     0(0.00%) |  31330   17713   52790  26000 |    0.00        0.00
POST     short                                                                             14     0(0.00%) |  32937   10216   52239  35000 |    0.30        0.00
--------|----------------------------------------------------------------------------|-------|-------------|-------|-------|-------|-------|--------|-----------
         Aggregated                                                                        19     0(0.00%) |  32514   10216   52790  34000 |    0.30        0.00

Type     Name                                                                          # reqs      # fails |    Avg     Min     Max    Med |   req/s  failures/s
--------|----------------------------------------------------------------------------|-------|-------------|-------|-------|-------|-------|--------|-----------
POST     long-rag                                                                           5     0(0.00%) |  31330   17713   52790  26000 |    0.00        0.00
POST     short                                                                             14     0(0.00%) |  32937   10216   52239  35000 |    0.30        0.00
--------|----------------------------------------------------------------------------|-------|-------------|-------|-------|-------|-------|--------|-----------
         Aggregated                                                                        19     0(0.00%) |  32514   10216   52790  34000 |    0.30        0.00

Type     Name                                                                          # reqs      # fails |    Avg     Min     Max    Med |   req/s  failures/s
--------|----------------------------------------------------------------------------|-------|-------------|-------|-------|-------|-------|--------|-----------
POST     long-rag                                                                           5     0(0.00%) |  31330   17713   52790  26000 |    0.00        0.00
POST     short                                                                             14     0(0.00%) |  32937   10216   52239  35000 |    0.30        0.00
--------|----------------------------------------------------------------------------|-------|-------------|-------|-------|-------|-------|--------|-----------
         Aggregated                                                                        19     0(0.00%) |  32514   10216   52790  34000 |    0.30        0.00

[2026-10-06 15:09:54,684] DESKTOP-1U99EVP/INFO/locust.main: --run-time limit reached, shutting down
[2026-10-06 15:09:55,063] DESKTOP-1U99EVP/INFO/locust.main: Shutting down (exit code 0)
Type     Name                                                                          # reqs      # fails |    Avg     Min     Max    Med |   req/s  failures/s
--------|----------------------------------------------------------------------------|-------|-------------|-------|-------|-------|-------|--------|-----------
POST     long-rag                                                                           5     0(0.00%) |  31330   17713   52790  26000 |    0.08        0.00
POST     short                                                                             15     0(0.00%) |  34707   10216   59482  35000 |    0.25        0.00
--------|----------------------------------------------------------------------------|-------|-------------|-------|-------|-------|-------|--------|-----------
         Aggregated                                                                        20     0(0.00%) |  33863   10216   59482  35000 |    0.34        0.00

Response time percentiles (approximated)
Type     Name                                                                                  50%    66%    75%    80%    90%    95%    98%    99%  99.9% 99.99%   100% # reqs
--------|--------------------------------------------------------------------------------|--------|------|------|------|------|------|------|------|------|------|------|------
POST     long-rag                                                                            26000  35000  35000  53000  53000  53000  53000  53000  53000  53000  53000      5
POST     short                                                                               35000  44000  51000  52000  52000  59000  59000  59000  59000  59000  59000     15
--------|--------------------------------------------------------------------------------|--------|------|------|------|------|------|------|------|------|------|------|------
         Aggregated                                                                          35000  44000  51000  52000  53000  59000  59000  59000  59000  59000  59000     20

[evidence] Final stats CSV exported from Locust runtime counters before closing files.
